// Jest Snapshot v1, https://goo.gl/fbAQLP

exports[`render Tags with props 1`] = `
<StyledComponent
  color="grass"
  forwardedComponent={
    Object {
      "$$typeof": Symbol(react.forward_ref),
      "attrs": Array [],
      "componentStyle": ComponentStyle {
        "componentId": "sc-bdVaJa",
        "isStatic": false,
        "rules": Array [
          "
  padding: 5px;
  border-radius: 5px;
  color: #fff;
  margin-right: 10px;
  font-size: 0.8em;
  background-color: ",
          [Function],
          ";
",
        ],
      },
      "displayName": "styled.span",
      "foldedComponentIds": Array [],
      "render": [Function],
      "styledComponentId": "sc-bdVaJa",
      "target": "span",
      "toString": [Function],
      "warnTooManyClasses": [Function],
      "withComponent": [Function],
    }
  }
  forwardedRef={null}
>
  Grass
</StyledComponent>
`;
